// Jest Snapshot v1, https://goo.gl/fbAQLP

exports[`renders the UI as expected 1`] = `
<div
  className="list"
>
  <div
    className="participant"
  >
    <img
      alt=""
      src="https://robohash.org/itaquevoluptatumrerum.jpg?size=200x200&set=set1"
    />
    <h3>
      Koren Templeton
    </h3>
    <p
      className="in-session"
    >
      On stage
    </p>
    ;
  </div>
  <div
    className="participant"
  >
    <img
      alt=""
      src="https://robohash.org/iustodoloremqueinventore.jpg?size=200x200&set=set1"
    />
    <h3>
      Ashla Attwool
    </h3>
    <p
      className="in-session"
    >
      On stage
    </p>
    ;
  </div>
  <div
    className="participant"
  >
    <img
      alt=""
      src="https://robohash.org/doloredolorescupiditate.jpg?size=200x200&set=set1"
    />
    <h3>
      Caty Flucker
    </h3>
    <p
      className="in-session"
    />
    ;
  </div>
  <div
    className="participant"
  >
    <img
      alt=""
      src="https://robohash.org/etexercitationemassumenda.jpg?size=200x200&set=set1"
    />
    <h3>
      Frank Runciman
    </h3>
    <p
      className="in-session"
    />
    ;
  </div>
  <div
    className="participant"
  >
    <img
      alt=""
      src="https://robohash.org/utlaborumfugit.jpg?size=200x200&set=set1"
    />
    <h3>
      Axe Kubicka
    </h3>
    <p
      className="left-session"
    />
    ;
  </div>
</div>
`;
